--- [1/3] 品質檢查 (Clippy) ---
    Finished `dev` profile [unoptimized + debuginfo] target(s) in 0.07s
--- [2/3] 邏輯測試 (Test) ---
    Finished `test` profile [unoptimized + debuginfo] target(s) in 0.08s
     Running unittests src/lib.rs (/home/tanger/target_ram/debug/deps/singularity_world-e58bfff4a6d2e043)

running 54 tests
test ai::sanitize::tests::strip_prefix_ascii_colon ... ok
test ai::sanitize::tests::sanitize_trims_corner_quotes ... ok
test ai::sanitize::tests::strip_prefix_colon ... ok
test ai::talk::tests::is_meta_line_dash ... ok
test ai::prompts::tests::loads_repo_llm_prompts ... ok
test ai::talk::tests::parse_npc_npc_json_minimal ... ok
test ai::talk::tests::parse_npc_to_npc_two_lines ... ok
test ai::talk::tests::strip_leading_speaker_skips_when_followed_by_colon ... ok
test ai::talk::tests::sprintf_two_matches_go_order ... ok
test ai::talk::tests::strip_leading_speaker_strips_when_no_punct ... ok
test combat::tests::damage_first_stage_matches_go_edge ... ok
test combat::tests::resolve_v2_nil_matches_resolve_outcome ... ok
test combat::tests::resolve_v2_alpha_terrain_log_tags ... ok
test combat::tests::subdue_sets_loser_hp_to_one ... ok
test db::equip::tests::starter_f_differs_from_m ... ok
test db::npc_display::tests::is_on_duty_cross_midnight ... ok
test db::equip::tests::naked_empty_slots ... ok
test db::npc_display::tests::is_on_duty_same_day_span ... ok
test db::npc_display::tests::split_label ... ok
test db::npc_names::tests::first_rune_fallback ... ok
test db::text::tests::empty_is_zero ... ok
test db::text::tests::identical_is_one ... ok
test ai::scorer::tests::score_npc_dialogue_poison ... ok
test game::gametime::tests::default_scale_when_non_positive ... ok
test game::gametime::tests::negative_clamped ... ok
test game::gametime::tests::one_game_day ... ok
test game::zone::tests::in_chunk_bounds ... ok
test ai::scorer::tests::score_npc_dialogue_wasteland_tone_penalty ... ok
test ai::scorer::tests::score_npc_dialogue_ok_with_edi_and_fusui ... ok
test ai::scorer::tests::score_npc_dialogue_reasonable_dialogue ... ok
test game::gametime::tests::zero_at_epoch ... ok
test db::npc_names::tests::name_length_2_to_4_chars ... ok
test game::zone::tests::in_view_center ... ok
test npcnpc::helpers::tests::dedupe_lines_casefold ... ok
test npcnpc::helpers::tests::merge_anchors_cap_four ... ok
test npc::topics::tests::find_topic_id_by_hint_matches_go ... ok
test server::session::tests::sanitize_newlines_and_spaces ... ok
test npc::topics::tests::get_by_id_after_load ... ok
test server::protocol::tests::room_view_roundtrip ... ok
test world::map::tests::at_out_of_bounds_is_wall ... ok
test server::protocol::tests::action_result_with_move_target_id ... ok
test world::chunk::tests::terrain_from_rune_alias_grass ... ok
test server::protocol::tests::client_msg_minimal_json ... ok
test game::zone::tests::chunk_index_negative ... ok
test server::session::tests::sanitize_empty_and_dahua ... ok
test world::chunk::tests::terrain_from_rune_wall ... ok
test server::session::tests::store_set_get_remove ... ok
test world::map::tests::blocking_matches_go ... ok
test server::protocol::tests::entity_status_magnesium_omit ... ok
test world::terrain_display::tests::terrain_meta_by_type_road ... ok
test world::terrain_display::tests::display_no_rng_first_variant ... ok
test world::terrain_display::tests::display_seeded_deterministic ... ok
test world::terrain_display::tests::unknown_terrain_default_gray ... ok
test world::chunk::tests::load_chunk_missing_file_is_all_grass ... ok

test result: ok. 54 passed; 0 failed; 0 ignored; 0 measured; 0 filtered out; finished in 0.00s

     Running unittests src/bin/checkrooms.rs (/home/tanger/target_ram/debug/deps/checkrooms-548f8e5489e9af9a)

running 0 tests

test result: ok. 0 passed; 0 failed; 0 ignored; 0 measured; 0 filtered out; finished in 0.00s

     Running unittests src/bin/migrate.rs (/home/tanger/target_ram/debug/deps/migrate-f89e778e92e08ee6)

running 0 tests

test result: ok. 0 passed; 0 failed; 0 ignored; 0 measured; 0 filtered out; finished in 0.00s

     Running unittests src/main.rs (/home/tanger/target_ram/debug/deps/singularity_world-12ffcbe75648c59f)

running 0 tests

test result: ok. 0 passed; 0 failed; 0 ignored; 0 measured; 0 filtered out; finished in 0.00s

     Running unittests src/bin/sw-set-password.rs (/home/tanger/target_ram/debug/deps/sw_set_password-3b99f63ab98b3feb)

running 0 tests

test result: ok. 0 passed; 0 failed; 0 ignored; 0 measured; 0 filtered out; finished in 0.00s

     Running tests/event_journal_integration.rs (/home/tanger/target_ram/debug/deps/event_journal_integration-26a22c12e5d1e049)

running 1 test
test append_and_query_event_log_isolated_runtime ... ok

test result: ok. 1 passed; 0 failed; 0 ignored; 0 measured; 0 filtered out; finished in 1.43s

     Running tests/store_init_integration.rs (/home/tanger/target_ram/debug/deps/store_init_integration-a6e8670962a4bd0d)

running 1 test
test init_loads_editor_rooms_and_data_json ... FAILED

failures:

---- init_loads_editor_rooms_and_data_json stdout ----

thread 'init_loads_editor_rooms_and_data_json' (1855271) panicked at tests/store_init_integration.rs:46:5:
預期載入 editor 房間 city_life_11f_lounge
note: run with `RUST_BACKTRACE=1` environment variable to display a backtrace


failures:
    init_loads_editor_rooms_and_data_json

test result: FAILED. 0 passed; 1 failed; 0 ignored; 0 measured; 0 filtered out; finished in 1.43s

error: test failed, to rerun pass `--test store_init_integration`
