--- [1/3] 品質檢查 (Clippy) ---
    Checking singularity_world v0.1.0 (/home/tanger/Projects/singularity_world)
    Finished `dev` profile [unoptimized + debuginfo] target(s) in 1.67s
--- [2/3] 邏輯測試 (Test) ---
   Compiling singularity_world v0.1.0 (/home/tanger/Projects/singularity_world)
    Finished `test` profile [unoptimized + debuginfo] target(s) in 2.86s
     Running unittests src/lib.rs (/home/tanger/target_ram/debug/deps/singularity_world-e58bfff4a6d2e043)

running 54 tests
test ai::sanitize::tests::sanitize_trims_corner_quotes ... ok
test ai::sanitize::tests::strip_prefix_ascii_colon ... ok
test ai::sanitize::tests::strip_prefix_colon ... ok
test ai::prompts::tests::loads_repo_llm_prompts ... ok
test ai::talk::tests::is_meta_line_dash ... ok
test ai::talk::tests::parse_npc_npc_json_minimal ... ok
test ai::talk::tests::sprintf_two_matches_go_order ... ok
test ai::talk::tests::parse_npc_to_npc_two_lines ... ok
test ai::talk::tests::strip_leading_speaker_skips_when_followed_by_colon ... ok
test ai::talk::tests::strip_leading_speaker_strips_when_no_punct ... ok
test combat::tests::damage_first_stage_matches_go_edge ... ok
test combat::tests::resolve_v2_alpha_terrain_log_tags ... ok
test combat::tests::resolve_v2_nil_matches_resolve_outcome ... ok
test combat::tests::subdue_sets_loser_hp_to_one ... ok
test db::equip::tests::starter_f_differs_from_m ... ok
test db::npc_display::tests::is_on_duty_cross_midnight ... ok
test ai::scorer::tests::score_npc_dialogue_poison ... ok
test db::equip::tests::naked_empty_slots ... ok
test db::npc_display::tests::is_on_duty_same_day_span ... ok
test db::npc_display::tests::split_label ... ok
test db::npc_names::tests::first_rune_fallback ... ok
test ai::scorer::tests::score_npc_dialogue_reasonable_dialogue ... ok
test db::text::tests::empty_is_zero ... ok
test ai::scorer::tests::score_npc_dialogue_wasteland_tone_penalty ... ok
test ai::scorer::tests::score_npc_dialogue_ok_with_edi_and_fusui ... ok
test db::text::tests::identical_is_one ... ok
test game::gametime::tests::default_scale_when_non_positive ... ok
test game::gametime::tests::negative_clamped ... ok
test game::zone::tests::chunk_index_negative ... ok
test game::zone::tests::in_chunk_bounds ... ok
test game::gametime::tests::zero_at_epoch ... ok
test game::zone::tests::in_view_center ... ok
test db::npc_names::tests::name_length_2_to_4_chars ... ok
test server::session::tests::sanitize_empty_and_dahua ... ok
test server::session::tests::sanitize_newlines_and_spaces ... ok
test server::session::tests::store_set_get_remove ... ok
test game::gametime::tests::one_game_day ... ok
test npcnpc::helpers::tests::dedupe_lines_casefold ... ok
test npc::topics::tests::find_topic_id_by_hint_matches_go ... ok
test server::protocol::tests::room_view_roundtrip ... ok
test npcnpc::helpers::tests::merge_anchors_cap_four ... ok
test npc::topics::tests::get_by_id_after_load ... ok
test server::protocol::tests::client_msg_minimal_json ... ok
test server::protocol::tests::action_result_with_move_target_id ... ok
test server::protocol::tests::entity_status_magnesium_omit ... ok
test world::map::tests::at_out_of_bounds_is_wall ... ok
test world::chunk::tests::terrain_from_rune_alias_grass ... ok
test world::chunk::tests::terrain_from_rune_wall ... ok
test world::map::tests::blocking_matches_go ... ok
test world::terrain_display::tests::display_no_rng_first_variant ... ok
test world::terrain_display::tests::unknown_terrain_default_gray ... ok
test world::terrain_display::tests::terrain_meta_by_type_road ... ok
test world::terrain_display::tests::display_seeded_deterministic ... ok
test world::chunk::tests::load_chunk_missing_file_is_all_grass ... ok

test result: ok. 54 passed; 0 failed; 0 ignored; 0 measured; 0 filtered out; finished in 0.00s

     Running unittests src/bin/checkrooms.rs (/home/tanger/target_ram/debug/deps/checkrooms-548f8e5489e9af9a)

running 0 tests

test result: ok. 0 passed; 0 failed; 0 ignored; 0 measured; 0 filtered out; finished in 0.00s

     Running unittests src/bin/migrate.rs (/home/tanger/target_ram/debug/deps/migrate-f89e778e92e08ee6)

running 0 tests

test result: ok. 0 passed; 0 failed; 0 ignored; 0 measured; 0 filtered out; finished in 0.00s

     Running unittests src/main.rs (/home/tanger/target_ram/debug/deps/singularity_world-12ffcbe75648c59f)

running 0 tests

test result: ok. 0 passed; 0 failed; 0 ignored; 0 measured; 0 filtered out; finished in 0.00s

     Running unittests src/bin/sw-set-password.rs (/home/tanger/target_ram/debug/deps/sw_set_password-3b99f63ab98b3feb)

running 0 tests

test result: ok. 0 passed; 0 failed; 0 ignored; 0 measured; 0 filtered out; finished in 0.00s

     Running tests/event_journal_integration.rs (/home/tanger/target_ram/debug/deps/event_journal_integration-26a22c12e5d1e049)

running 1 test
test append_and_query_event_log_isolated_runtime ... ok

test result: ok. 1 passed; 0 failed; 0 ignored; 0 measured; 0 filtered out; finished in 0.36s

     Running tests/store_init_integration.rs (/home/tanger/target_ram/debug/deps/store_init_integration-a6e8670962a4bd0d)

running 1 test
test init_loads_editor_rooms_and_data_json ... ok

test result: ok. 1 passed; 0 failed; 0 ignored; 0 measured; 0 filtered out; finished in 0.35s

   Doc-tests singularity_world

running 0 tests

test result: ok. 0 passed; 0 failed; 0 ignored; 0 measured; 0 filtered out; finished in 0.00s

--- [3/3] 房間契約 (Checkrooms) ---
   Compiling singularity_world v0.1.0 (/home/tanger/Projects/singularity_world)
    Finished `dev` profile [unoptimized + debuginfo] target(s) in 2.47s
     Running `/home/tanger/target_ram/debug/checkrooms -brackets -strict`
--- 錯誤 ---
/home/tanger/Projects/singularity_world/data/rooms/editor/zonelife_city_life_01f_u011_0.json [zonelife_city_life_01f_u011_0] city_life_1ftest_obj: 檢查 Move，name「門外Test Door」未在 description 出現（無法從主描述點擊移動）
/home/tanger/Projects/singularity_world/data/rooms/editor/zonelife_city_life_01f_u011_0.json [zonelife_city_life_01f_u011_0] obj_1774487121752: 檢查 Look，name「新物件」未在 description 亦未在同房任一 responses 文字出現（無法點擊 Look）
/home/tanger/Projects/singularity_world/data/rooms/editor/zonelife_city_life_01f_u011_0.json [zonelife_city_life_01f_u011_0]: description 有〔門外〕但無 objects[].name 完全一致
/home/tanger/Projects/singularity_world/data/rooms/editor/zonelife_city_life_10f_u105_1.json [zonelife_city_life_10f_u105_1] city_life_10f_u105_liv_to_city_life_10f_u105_br2: 檢查 Move，move_to_room_id「city_life_10f_u105_br2」指向不存在的房間（死連結）
/home/tanger/Projects/singularity_world/data/rooms/editor/zonelife_city_life_16f_u164_2.json [zonelife_city_life_16f_u164_2] obj_u164_2_entry: 檢查 Move，name「回入口」未在 description 出現（無法從主描述點擊移動）
/home/tanger/Projects/singularity_world/data/rooms/editor/zonelife_city_life_16f_u164_3.json [zonelife_city_life_16f_u164_3] obj_u164_3_apparel: 檢查 Move，name「服飾區」未在 description 出現（無法從主描述點擊移動）
/home/tanger/Projects/singularity_world/data/rooms/editor/zonelife_city_life_16f_u165_0.json [zonelife_city_life_16f_u165_0] obj_u165_archive: 檢查 Move，name「檔案室」未在 description 出現（無法從主描述點擊移動）
/home/tanger/Projects/singularity_world/data/rooms/editor/zonelife_city_life_16f_u165_0.json [zonelife_city_life_16f_u165_0] obj_u165_meeting: 檢查 Move，name「會議室」未在 description 出現（無法從主描述點擊移動）
/home/tanger/Projects/singularity_world/data/rooms/editor/zonelife_city_life_16f_u165_1.json [zonelife_city_life_16f_u165_1] obj_u165_1_entry: 檢查 Move，name「回入口」未在 description 出現（無法從主描述點擊移動）
/home/tanger/Projects/singularity_world/data/rooms/editor/zonelife_city_life_16f_u165_2.json [zonelife_city_life_16f_u165_2] obj_u165_2_entry: 檢查 Move，name「回入口」未在 description 出現（無法從主描述點擊移動）
/home/tanger/Projects/singularity_world/data/rooms/editor/zonelife_city_life_16f_u167_0.json [zonelife_city_life_16f_u167_0] obj_u167_supplies: 檢查 Move，name「物資區」未在 description 出現（無法從主描述點擊移動）
/home/tanger/Projects/singularity_world/data/rooms/editor/zonelife_city_life_16f_u167_0.json [zonelife_city_life_16f_u167_0] obj_u167_apparel: 檢查 Move，name「衣著區」未在 description 出現（無法從主描述點擊移動）
/home/tanger/Projects/singularity_world/data/rooms/editor/zonelife_city_life_16f_u167_1.json [zonelife_city_life_16f_u167_1] obj_u167_1_entry: 檢查 Move，name「回入口」未在 description 出現（無法從主描述點擊移動）
/home/tanger/Projects/singularity_world/data/rooms/editor/zonelife_city_life_16f_u167_2.json [zonelife_city_life_16f_u167_2] obj_u167_2_entry: 檢查 Move，name「回入口」未在 description 出現（無法從主描述點擊移動）
/home/tanger/Projects/singularity_world/data/rooms/editor/zonelife_city_life_16f_u167_3.json [zonelife_city_life_16f_u167_3] obj_u167_3_supplies: 檢查 Move，name「物資區」未在 description 出現（無法從主描述點擊移動）
/home/tanger/Projects/singularity_world/data/rooms/editor/zonelife_city_life_16f_u167_3.json [zonelife_city_life_16f_u167_3] obj_u167_3_apparel: 檢查 Move，name「衣著區」未在 description 出現（無法從主描述點擊移動）
/home/tanger/Projects/singularity_world/data/rooms/editor/zonelife_city_life_16f_u168_0.json [zonelife_city_life_16f_u168_0] obj_u168_wood: 檢查 Move，name「木材區」未在 description 出現（無法從主描述點擊移動）
/home/tanger/Projects/singularity_world/data/rooms/editor/zonelife_city_life_16f_u168_0.json [zonelife_city_life_16f_u168_0] obj_u168_wire: 檢查 Move，name「配線區」未在 description 出現（無法從主描述點擊移動）
/home/tanger/Projects/singularity_world/data/rooms/editor/zonelife_city_life_16f_u168_1.json [zonelife_city_life_16f_u168_1] obj_u168_1_entry: 檢查 Move，name「回入口」未在 description 出現（無法從主描述點擊移動）
/home/tanger/Projects/singularity_world/data/rooms/editor/zonelife_city_life_16f_u168_2.json [zonelife_city_life_16f_u168_2] obj_u168_2_entry: 檢查 Move，name「回入口」未在 description 出現（無法從主描述點擊移動）
/home/tanger/Projects/singularity_world/data/rooms/editor/zonelife_city_life_16f_u168_3.json [zonelife_city_life_16f_u168_3] obj_u168_3_wood: 檢查 Move，name「木材區」未在 description 出現（無法從主描述點擊移動）
/home/tanger/Projects/singularity_world/data/rooms/editor/zonelife_city_life_16f_u168_3.json [zonelife_city_life_16f_u168_3] obj_u168_3_wire: 檢查 Move，name「配線區」未在 description 出現（無法從主描述點擊移動）
/home/tanger/Projects/singularity_world/data/rooms/editor/zonelife_city_life_16f_u169_0.json [zonelife_city_life_16f_u169_0] obj_u169_lighting: 檢查 Move，name「照明區」未在 description 出現（無法從主描述點擊移動）
/home/tanger/Projects/singularity_world/data/rooms/editor/zonelife_city_life_16f_u169_0.json [zonelife_city_life_16f_u169_0] obj_u169_power: 檢查 Move，name「電動區」未在 description 出現（無法從主描述點擊移動）
/home/tanger/Projects/singularity_world/data/rooms/editor/zonelife_city_life_16f_u169_1.json [zonelife_city_life_16f_u169_1] obj_u169_1_entry: 檢查 Move，name「回入口」未在 description 出現（無法從主描述點擊移動）
--- 房間檢查失敗：25 筆錯誤 ---
